<?xml version="1.0" encoding="utf-8"?>
<Map xmlns:xsd="http://www.w3.org/2001/XMLSchema" xmlns:xsi="http://www.w3.org/2001/XMLSchema-instance">
  <Objects>
    <MapObject>
      <Type>Prop</Type>
      <Position>
        <X>-1581.8324</X>
        <Y>-1390.032</Y>
        <Z>29.6492558</Z>
      </Position>
      <Rotation>
        <X>0</X>
        <Y>0</Y>
        <Z>80.99977</Z>
      </Rotation>
      <Hash>953286133</Hash>
      <Dynamic>false</Dynamic>
      <Quaternion>
        <X>0</X>
        <Y>0</Y>
        <Z>0.6494465</Z>
        <W>0.760407269</W>
      </Quaternion>
      <Door>false</Door>
    </MapObject>
    <MapObject>
      <Type>Prop</Type>
      <Position>
        <X>-1768.49451</X>
        <Y>-1360.816</Y>
        <Z>29.6492558</Z>
      </Position>
      <Rotation>
        <X>0</X>
        <Y>0</Y>
        <Z>80.99976</Z>
      </Rotation>
      <Hash>953286133</Hash>
      <Dynamic>false</Dynamic>
      <Quaternion>
        <X>0</X>
        <Y>0</Y>
        <Z>0.6494464</Z>
        <W>0.7604073</W>
      </Quaternion>
      <Door>false</Door>
    </MapObject>
    <MapObject>
      <Type>Prop</Type>
      <Position>
        <X>-1947.29651</X>
        <Y>-1335.17041</Y>
        <Z>29.6492558</Z>
      </Position>
      <Rotation>
        <X>0</X>
        <Y>0</Y>
        <Z>80.9997559</Z>
      </Rotation>
      <Hash>953286133</Hash>
      <Dynamic>false</Dynamic>
      <Quaternion>
        <X>0</X>
        <Y>0</Y>
        <Z>0.6494464</Z>
        <W>0.7604073</W>
      </Quaternion>
      <Door>false</Door>
    </MapObject>
    <MapObject>
      <Type>Prop</Type>
      <Position>
        <X>-2131.85425</X>
        <Y>-1306.92322</Y>
        <Z>29.6492558</Z>
      </Position>
      <Rotation>
        <X>0</X>
        <Y>0</Y>
        <Z>80.9997559</Z>
      </Rotation>
      <Hash>953286133</Hash>
      <Dynamic>false</Dynamic>
      <Quaternion>
        <X>0</X>
        <Y>0</Y>
        <Z>0.6494464</Z>
        <W>0.7604073</W>
      </Quaternion>
      <Door>false</Door>
    </MapObject>
    <MapObject>
      <Type>Prop</Type>
      <Position>
        <X>-2321.03442</X>
        <Y>-1275.60962</Y>
        <Z>29.6492558</Z>
      </Position>
      <Rotation>
        <X>0</X>
        <Y>0</Y>
        <Z>80.9997559</Z>
      </Rotation>
      <Hash>953286133</Hash>
      <Dynamic>false</Dynamic>
      <Quaternion>
        <X>0</X>
        <Y>0</Y>
        <Z>0.6494464</Z>
        <W>0.7604073</W>
      </Quaternion>
      <Door>false</Door>
    </MapObject>
    <MapObject>
      <Type>Prop</Type>
      <Position>
        <X>-2511.63721</X>
        <Y>-1244.53442</Y>
        <Z>29.6492558</Z>
      </Position>
      <Rotation>
        <X>0</X>
        <Y>0</Y>
        <Z>80.9997559</Z>
      </Rotation>
      <Hash>953286133</Hash>
      <Dynamic>false</Dynamic>
      <Quaternion>
        <X>0</X>
        <Y>0</Y>
        <Z>0.6494464</Z>
        <W>0.7604073</W>
      </Quaternion>
      <Door>false</Door>
    </MapObject>
    <MapObject>
      <Type>Prop</Type>
      <Position>
        <X>-2697.00244</X>
        <Y>-1216.36829</Y>
        <Z>29.6492558</Z>
      </Position>
      <Rotation>
        <X>0</X>
        <Y>0</Y>
        <Z>80.9997559</Z>
      </Rotation>
      <Hash>953286133</Hash>
      <Dynamic>false</Dynamic>
      <Quaternion>
        <X>0</X>
        <Y>0</Y>
        <Z>0.6494464</Z>
        <W>0.7604073</W>
      </Quaternion>
      <Door>false</Door>
    </MapObject>
    <MapObject>
      <Type>Prop</Type>
      <Position>
        <X>-2889.23145</X>
        <Y>-1186.20178</Y>
        <Z>29.6492558</Z>
      </Position>
      <Rotation>
        <X>0</X>
        <Y>0</Y>
        <Z>80.9997559</Z>
      </Rotation>
      <Hash>953286133</Hash>
      <Dynamic>false</Dynamic>
      <Quaternion>
        <X>0</X>
        <Y>0</Y>
        <Z>0.6494464</Z>
        <W>0.7604073</W>
      </Quaternion>
      <Door>false</Door>
    </MapObject>
    <MapObject>
      <Type>Prop</Type>
      <Position>
        <X>-3081.82129</X>
        <Y>-1154.61658</Y>
        <Z>29.6492558</Z>
      </Position>
      <Rotation>
        <X>0</X>
        <Y>0</Y>
        <Z>80.9997559</Z>
      </Rotation>
      <Hash>953286133</Hash>
      <Dynamic>false</Dynamic>
      <Quaternion>
        <X>0</X>
        <Y>0</Y>
        <Z>0.6494464</Z>
        <W>0.7604073</W>
      </Quaternion>
      <Door>false</Door>
    </MapObject>
    <MapObject>
      <Type>Prop</Type>
      <Position>
        <X>-3271.01929</X>
        <Y>-1124.44263</Y>
        <Z>29.6492558</Z>
      </Position>
      <Rotation>
        <X>0</X>
        <Y>0</Y>
        <Z>80.9997559</Z>
      </Rotation>
      <Hash>953286133</Hash>
      <Dynamic>false</Dynamic>
      <Quaternion>
        <X>0</X>
        <Y>0</Y>
        <Z>0.6494464</Z>
        <W>0.7604073</W>
      </Quaternion>
      <Door>false</Door>
    </MapObject>
    <MapObject>
      <Type>Prop</Type>
      <Position>
        <X>-3461.603</X>
        <Y>-1094.30371</Y>
        <Z>29.6492558</Z>
      </Position>
      <Rotation>
        <X>0</X>
        <Y>0</Y>
        <Z>80.9997559</Z>
      </Rotation>
      <Hash>953286133</Hash>
      <Dynamic>false</Dynamic>
      <Quaternion>
        <X>0</X>
        <Y>0</Y>
        <Z>0.6494464</Z>
        <W>0.7604073</W>
      </Quaternion>
      <Door>false</Door>
    </MapObject>
    <MapObject>
      <Type>Prop</Type>
      <Position>
        <X>-3641.5564</X>
        <Y>-1067.36743</Y>
        <Z>29.6492558</Z>
      </Position>
      <Rotation>
        <X>0</X>
        <Y>0</Y>
        <Z>80.9997559</Z>
      </Rotation>
      <Hash>953286133</Hash>
      <Dynamic>false</Dynamic>
      <Quaternion>
        <X>0</X>
        <Y>0</Y>
        <Z>0.6494464</Z>
        <W>0.7604073</W>
      </Quaternion>
      <Door>false</Door>
    </MapObject>
    <MapObject>
      <Type>Prop</Type>
      <Position>
        <X>-3830.84839</X>
        <Y>-1036.36987</Y>
        <Z>29.6492558</Z>
      </Position>
      <Rotation>
        <X>0</X>
        <Y>0</Y>
        <Z>80.9997559</Z>
      </Rotation>
      <Hash>953286133</Hash>
      <Dynamic>false</Dynamic>
      <Quaternion>
        <X>0</X>
        <Y>0</Y>
        <Z>0.6494464</Z>
        <W>0.7604073</W>
      </Quaternion>
      <Door>false</Door>
    </MapObject>
    <MapObject>
      <Type>Prop</Type>
      <Position>
        <X>-4022.43726</X>
        <Y>-1005.96057</Y>
        <Z>29.6492558</Z>
      </Position>
      <Rotation>
        <X>0</X>
        <Y>0</Y>
        <Z>80.9997559</Z>
      </Rotation>
      <Hash>953286133</Hash>
      <Dynamic>false</Dynamic>
      <Quaternion>
        <X>0</X>
        <Y>0</Y>
        <Z>0.6494464</Z>
        <W>0.7604073</W>
      </Quaternion>
      <Door>false</Door>
    </MapObject>
    <MapObject>
      <Type>Prop</Type>
      <Position>
        <X>-4211.968</X>
        <Y>-975.574</Y>
        <Z>29.6492558</Z>
      </Position>
      <Rotation>
        <X>0</X>
        <Y>0</Y>
        <Z>80.9997559</Z>
      </Rotation>
      <Hash>953286133</Hash>
      <Dynamic>false</Dynamic>
      <Quaternion>
        <X>0</X>
        <Y>0</Y>
        <Z>0.6494464</Z>
        <W>0.7604073</W>
      </Quaternion>
      <Door>false</Door>
    </MapObject>
    <MapObject>
      <Type>Prop</Type>
      <Position>
        <X>-4403.5874</X>
        <Y>-944.762451</Y>
        <Z>29.6492558</Z>
      </Position>
      <Rotation>
        <X>0</X>
        <Y>0</Y>
        <Z>80.9997559</Z>
      </Rotation>
      <Hash>953286133</Hash>
      <Dynamic>false</Dynamic>
      <Quaternion>
        <X>0</X>
        <Y>0</Y>
        <Z>0.6494464</Z>
        <W>0.7604073</W>
      </Quaternion>
      <Door>false</Door>
    </MapObject>
    <MapObject>
      <Type>Prop</Type>
      <Position>
        <X>-4587.215</X>
        <Y>-916.0255</Y>
        <Z>29.6492558</Z>
      </Position>
      <Rotation>
        <X>0</X>
        <Y>0</Y>
        <Z>80.9997559</Z>
      </Rotation>
      <Hash>953286133</Hash>
      <Dynamic>false</Dynamic>
      <Quaternion>
        <X>0</X>
        <Y>0</Y>
        <Z>0.6494464</Z>
        <W>0.7604073</W>
      </Quaternion>
      <Door>false</Door>
    </MapObject>
    <MapObject>
      <Type>Prop</Type>
      <Position>
        <X>-4587.215</X>
        <Y>-916.0255</Y>
        <Z>29.6492558</Z>
      </Position>
      <Rotation>
        <X>0</X>
        <Y>0</Y>
        <Z>80.9997559</Z>
      </Rotation>
      <Hash>953286133</Hash>
      <Dynamic>false</Dynamic>
      <Quaternion>
        <X>0</X>
        <Y>0</Y>
        <Z>0.6494464</Z>
        <W>0.7604073</W>
      </Quaternion>
      <Door>false</Door>
    </MapObject>
    <MapObject>
      <Type>Prop</Type>
      <Position>
        <X>-4779.079</X>
        <Y>-886.9827</Y>
        <Z>29.6492558</Z>
      </Position>
      <Rotation>
        <X>0</X>
        <Y>0</Y>
        <Z>80.9997559</Z>
      </Rotation>
      <Hash>953286133</Hash>
      <Dynamic>false</Dynamic>
      <Quaternion>
        <X>0</X>
        <Y>0</Y>
        <Z>0.6494464</Z>
        <W>0.7604073</W>
      </Quaternion>
      <Door>false</Door>
    </MapObject>
  </Objects>
  <RemoveFromWorld />
  <Markers />
  <Metadata>
    <Creator>Undefined</Creator>
    <Name>TestMap</Name>
    <Description />
    <LoadingPoint xsi:nil="true" />
    <TeleportPoint xsi:nil="true" />
  </Metadata>
</Map>